@takazudo/zfb=4.2.1
@takazudo/zfb-runtime=4.2.1
[2m[WebServer] [22m(node:398285) Warning: The 'NO_COLOR' env is ignored due to the 'FORCE_COLOR' env being set.
[2m[WebServer] [22m(Use `node --trace-warnings ...` to show where the warning was created)

Running 4 tests using 1 worker

(node:398358) Warning: The 'NO_COLOR' env is ignored due to the 'FORCE_COLOR' env being set.
(Use `node --trace-warnings ...` to show where the warning was created)
(node:398358) Warning: The 'NO_COLOR' env is ignored due to the 'FORCE_COLOR' env being set.
(Use `node --trace-warnings ...` to show where the warning was created)
  ✘  1 ../../tmp/zudo421-persistence-browser/persistence.spec.ts:10:7 › real navigation: unchanged (1.1s)
(node:398501) Warning: The 'NO_COLOR' env is ignored due to the 'FORCE_COLOR' env being set.
(Use `node --trace-warnings ...` to show where the warning was created)
(node:398501) Warning: The 'NO_COLOR' env is ignored due to the 'FORCE_COLOR' env being set.
(Use `node --trace-warnings ...` to show where the warning was created)
  ✘  2 ../../tmp/zudo421-persistence-browser/persistence.spec.ts:10:7 › real navigation: changed (877ms)
(node:398647) Warning: The 'NO_COLOR' env is ignored due to the 'FORCE_COLOR' env being set.
(Use `node --trace-warnings ...` to show where the warning was created)
(node:398647) Warning: The 'NO_COLOR' env is ignored due to the 'FORCE_COLOR' env being set.
(Use `node --trace-warnings ...` to show where the warning was created)
  ✘  3 ../../tmp/zudo421-persistence-browser/persistence.spec.ts:10:7 › real navigation: preserve (839ms)
(node:398843) Warning: The 'NO_COLOR' env is ignored due to the 'FORCE_COLOR' env being set.
(Use `node --trace-warnings ...` to show where the warning was created)
(node:398843) Warning: The 'NO_COLOR' env is ignored due to the 'FORCE_COLOR' env being set.
(Use `node --trace-warnings ...` to show where the warning was created)
  ✘  4 ../../tmp/zudo421-persistence-browser/persistence.spec.ts:10:7 › real navigation: structural (874ms)


  1) ../../tmp/zudo421-persistence-browser/persistence.spec.ts:10:7 › real navigation: unchanged ───

    Error: [2mexpect([22m[31mreceived[39m[2m).[22mtoEqual[2m([22m[32mexpected[39m[2m) // deep equality[22m

    [32m- Expected  - 1[39m
    [31m+ Received  + 3[39m

    [32m- Array [][39m
    [31m+ Array [[39m
    [31m+   "Failed to load resource: the server responded with a status of 404 (Not Found)",[39m
    [31m+ ][39m

      51 |     await page.locator("#increment").click();
      52 |     await expect(page.locator("#count")).toHaveText(scenario === "unchanged" || scenario === "preserve" ? "3" : "1");
    > 53 |     expect(errors).toEqual([]);
         |                    ^
      54 |     await testInfo.attach("lifecycle-and-navigation", { body: JSON.stringify(captures, null, 2), contentType: "application/json" });
      55 |   });
      56 | }
        at /tmp/zudo421-persistence-browser/persistence.spec.ts:53:20

    attachment #1: screenshot (image/png) ──────────────────────────────────────────────────────────
    ../../tmp/zudo421-persistence-browser/test-results/persistence-real-navigation-unchanged/test-failed-1.png
    ────────────────────────────────────────────────────────────────────────────────────────────────

    Error Context: ../../tmp/zudo421-persistence-browser/test-results/persistence-real-navigation-unchanged/error-context.md

  2) ../../tmp/zudo421-persistence-browser/persistence.spec.ts:10:7 › real navigation: changed ─────

    Error: [2mexpect([22m[31mreceived[39m[2m).[22mtoEqual[2m([22m[32mexpected[39m[2m) // deep equality[22m

    [32m- Expected  - 1[39m
    [31m+ Received  + 3[39m

    [32m- Array [][39m
    [31m+ Array [[39m
    [31m+   "Failed to load resource: the server responded with a status of 404 (Not Found)",[39m
    [31m+ ][39m

      51 |     await page.locator("#increment").click();
      52 |     await expect(page.locator("#count")).toHaveText(scenario === "unchanged" || scenario === "preserve" ? "3" : "1");
    > 53 |     expect(errors).toEqual([]);
         |                    ^
      54 |     await testInfo.attach("lifecycle-and-navigation", { body: JSON.stringify(captures, null, 2), contentType: "application/json" });
      55 |   });
      56 | }
        at /tmp/zudo421-persistence-browser/persistence.spec.ts:53:20

    attachment #1: screenshot (image/png) ──────────────────────────────────────────────────────────
    ../../tmp/zudo421-persistence-browser/test-results/persistence-real-navigation-changed/test-failed-1.png
    ────────────────────────────────────────────────────────────────────────────────────────────────

    Error Context: ../../tmp/zudo421-persistence-browser/test-results/persistence-real-navigation-changed/error-context.md

  3) ../../tmp/zudo421-persistence-browser/persistence.spec.ts:10:7 › real navigation: preserve ────

    Error: [2mexpect([22m[31mreceived[39m[2m).[22mtoEqual[2m([22m[32mexpected[39m[2m) // deep equality[22m

    [32m- Expected  - 1[39m
    [31m+ Received  + 3[39m

    [32m- Array [][39m
    [31m+ Array [[39m
    [31m+   "Failed to load resource: the server responded with a status of 404 (Not Found)",[39m
    [31m+ ][39m

      51 |     await page.locator("#increment").click();
      52 |     await expect(page.locator("#count")).toHaveText(scenario === "unchanged" || scenario === "preserve" ? "3" : "1");
    > 53 |     expect(errors).toEqual([]);
         |                    ^
      54 |     await testInfo.attach("lifecycle-and-navigation", { body: JSON.stringify(captures, null, 2), contentType: "application/json" });
      55 |   });
      56 | }
        at /tmp/zudo421-persistence-browser/persistence.spec.ts:53:20

    attachment #1: screenshot (image/png) ──────────────────────────────────────────────────────────
    ../../tmp/zudo421-persistence-browser/test-results/persistence-real-navigation-preserve/test-failed-1.png
    ────────────────────────────────────────────────────────────────────────────────────────────────

    Error Context: ../../tmp/zudo421-persistence-browser/test-results/persistence-real-navigation-preserve/error-context.md

  4) ../../tmp/zudo421-persistence-browser/persistence.spec.ts:10:7 › real navigation: structural ──

    Error: [2mexpect([22m[31mreceived[39m[2m).[22mtoEqual[2m([22m[32mexpected[39m[2m) // deep equality[22m

    [32m- Expected  - 1[39m
    [31m+ Received  + 3[39m

    [32m- Array [][39m
    [31m+ Array [[39m
    [31m+   "Failed to load resource: the server responded with a status of 404 (Not Found)",[39m
    [31m+ ][39m

      51 |     await page.locator("#increment").click();
      52 |     await expect(page.locator("#count")).toHaveText(scenario === "unchanged" || scenario === "preserve" ? "3" : "1");
    > 53 |     expect(errors).toEqual([]);
         |                    ^
      54 |     await testInfo.attach("lifecycle-and-navigation", { body: JSON.stringify(captures, null, 2), contentType: "application/json" });
      55 |   });
      56 | }
        at /tmp/zudo421-persistence-browser/persistence.spec.ts:53:20

    attachment #1: screenshot (image/png) ──────────────────────────────────────────────────────────
    ../../tmp/zudo421-persistence-browser/test-results/persistence-real-navigation-structural/test-failed-1.png
    ────────────────────────────────────────────────────────────────────────────────────────────────

    Error Context: ../../tmp/zudo421-persistence-browser/test-results/persistence-real-navigation-structural/error-context.md

  4 failed
    ../../tmp/zudo421-persistence-browser/persistence.spec.ts:10:7 › real navigation: unchanged ────
    ../../tmp/zudo421-persistence-browser/persistence.spec.ts:10:7 › real navigation: changed ──────
    ../../tmp/zudo421-persistence-browser/persistence.spec.ts:10:7 › real navigation: preserve ─────
    ../../tmp/zudo421-persistence-browser/persistence.spec.ts:10:7 › real navigation: structural ───
heavy-guard: verdict=FAIL exit=1 secs=11 min_mem_mb=13195 reason=-
