[2m[WebServer] [22m(node:418204) Warning: The 'NO_COLOR' env is ignored due to the 'FORCE_COLOR' env being set.
[2m[WebServer] [22m(Use `node --trace-warnings ...` to show where the warning was created)
[2m[WebServer] [22m[33m⚠[39m preview: adapter mode hands off entirely to `wrangler dev` — plugin middleware (devMiddleware/previewMiddleware) does not run under wrangler-backed preview. `_redirects` is still honoured natively by wrangler.[2m[WebServer] [22m
[2m[WebServer] [22m(node:418285) Warning: The 'NO_COLOR' env is ignored due to the 'FORCE_COLOR' env being set.
[2m[WebServer] [22m(Use `node --trace-warnings ...` to show where the warning was created)
[2m[WebServer] [22m(node:418297) Warning: The 'NO_COLOR' env is ignored due to the 'FORCE_COLOR' env being set.
[2m[WebServer] [22m(Use `node --trace-warnings ...` to show where the warning was created)
[2m[WebServer] [22m[33m▲ [43;33m[[43;30mWARNING[43;33m][0m [1mProxy environment variables detected. We'll use your proxy for fetch requests.[0m
[2m[WebServer] [22m
[2m[WebServer] [22m
[2m[WebServer] [22m(node:418322) Warning: The 'NO_COLOR' env is ignored due to the 'FORCE_COLOR' env being set.
[2m[WebServer] [22m(Use `node --trace-warnings ...` to show where the warning was created)

Running 12 tests using 1 worker

(node:418376) Warning: The 'NO_COLOR' env is ignored due to the 'FORCE_COLOR' env being set.
(Use `node --trace-warnings ...` to show where the warning was created)
(node:418376) Warning: The 'NO_COLOR' env is ignored due to the 'FORCE_COLOR' env being set.
(Use `node --trace-warnings ...` to show where the warning was created)
  ✓   1 [smoke] › e2e/smoke-search-dialog-close.spec.ts:27:3 › Search dialog closes on result click (#2148) › clicking a result closes the dialog AND navigates (981ms)
  ✓   2 [smoke] › e2e/smoke-search-shortcut.spec.ts:23:3 › macOS shortcut badge survives clear, reopen, navigation, and reconnection (#4482) (3.3s)
  ✓   3 [smoke] › e2e/smoke-search-shortcut.spec.ts:23:3 › Windows shortcut badge survives clear, reopen, navigation, and reconnection (#4482) (3.2s)
  ✓   4 [smoke] › e2e/smoke-search.spec.ts:21:3 › Search dialog › Ctrl+K opens the search dialog (360ms)
  ✓   5 [smoke] › e2e/smoke-search.spec.ts:32:3 › Search dialog › search input is focused when dialog opens (349ms)
  ✓   6 [smoke] › e2e/smoke-search.spec.ts:41:3 › Search dialog › typing a query shows results (760ms)
  ✓   7 [smoke] › e2e/smoke-search.spec.ts:59:3 › Search dialog › clicking a result navigates to that page (806ms)
  ✓   8 [smoke] › e2e/smoke-search.spec.ts:85:3 › Search dialog › Escape closes the dialog (348ms)
  ✓   9 [smoke] › e2e/smoke-search.spec.ts:97:3 › Search dialog › clicking backdrop closes the dialog (380ms)
  ✓  10 [smoke] › e2e/smoke-search.spec.ts:111:3 › Search dialog › nonsense query shows 'No results found.' (703ms)
  ✓  11 [smoke] › e2e/smoke-search.spec.ts:125:3 › Search dialog › matched keywords are highlighted with mark elements (758ms)
  ✓  12 [smoke] › e2e/smoke-search.spec.ts:185:3 › Search dialog › search index load failure shows persistent 'Search unavailable' without a refetch loop (1.1s)

  12 passed (18.2s)
heavy-guard: verdict=PASS exit=0 secs=20 min_mem_mb=12426 reason=-
