[2m[WebServer] [22m(node:416594) Warning: The 'NO_COLOR' env is ignored due to the 'FORCE_COLOR' env being set.
[2m[WebServer] [22m(Use `node --trace-warnings ...` to show where the warning was created)
[2m[WebServer] [22m[33m⚠[39m preview: adapter mode hands off entirely to `wrangler dev` — plugin middleware (devMiddleware/previewMiddleware) does not run under wrangler-backed preview. `_redirects` is still honoured natively by wrangler.
[2m[WebServer] [22m(node:416673) Warning: The 'NO_COLOR' env is ignored due to the 'FORCE_COLOR' env being set.
[2m[WebServer] [22m(Use `node --trace-warnings ...` to show where the warning was created)
[2m[WebServer] [22m(node:416687) Warning: The 'NO_COLOR' env is ignored due to the 'FORCE_COLOR' env being set.
[2m[WebServer] [22m(Use `node --trace-warnings ...` to show where the warning was created)
[2m[WebServer] [22m[33m▲ [43;33m[[43;30mWARNING[43;33m][0m [1mProxy environment variables detected. We'll use your proxy for fetch requests.[0m
[2m[WebServer] [22m
[2m[WebServer] [22m
[2m[WebServer] [22m(node:416700) Warning: The 'NO_COLOR' env is ignored due to the 'FORCE_COLOR' env being set.
[2m[WebServer] [22m(Use `node --trace-warnings ...` to show where the warning was created)

Running 12 tests using 1 worker

(node:416772) Warning: The 'NO_COLOR' env is ignored due to the 'FORCE_COLOR' env being set.
(Use `node --trace-warnings ...` to show where the warning was created)
(node:416772) Warning: The 'NO_COLOR' env is ignored due to the 'FORCE_COLOR' env being set.
(Use `node --trace-warnings ...` to show where the warning was created)
  ✓   1 [smoke] › e2e/smoke-search-dialog-close.spec.ts:27:3 › Search dialog closes on result click (#2148) › clicking a result closes the dialog AND navigates (941ms)
  ✘   2 [smoke] › e2e/smoke-search-shortcut.spec.ts:23:3 › macOS shortcut badge survives clear, reopen, navigation, and reconnection (#4482) (7.3s)
(node:416976) Warning: The 'NO_COLOR' env is ignored due to the 'FORCE_COLOR' env being set.
(Use `node --trace-warnings ...` to show where the warning was created)
(node:416976) Warning: The 'NO_COLOR' env is ignored due to the 'FORCE_COLOR' env being set.
(Use `node --trace-warnings ...` to show where the warning was created)
  ✘   3 [smoke] › e2e/smoke-search-shortcut.spec.ts:23:3 › Windows shortcut badge survives clear, reopen, navigation, and reconnection (#4482) (7.4s)
(node:417188) Warning: The 'NO_COLOR' env is ignored due to the 'FORCE_COLOR' env being set.
(Use `node --trace-warnings ...` to show where the warning was created)
(node:417188) Warning: The 'NO_COLOR' env is ignored due to the 'FORCE_COLOR' env being set.
(Use `node --trace-warnings ...` to show where the warning was created)
  ✓   4 [smoke] › e2e/smoke-search.spec.ts:21:3 › Search dialog › Ctrl+K opens the search dialog (392ms)
  ✓   5 [smoke] › e2e/smoke-search.spec.ts:32:3 › Search dialog › search input is focused when dialog opens (358ms)
  ✓   6 [smoke] › e2e/smoke-search.spec.ts:41:3 › Search dialog › typing a query shows results (709ms)
  ✓   7 [smoke] › e2e/smoke-search.spec.ts:59:3 › Search dialog › clicking a result navigates to that page (879ms)
  ✓   8 [smoke] › e2e/smoke-search.spec.ts:85:3 › Search dialog › Escape closes the dialog (407ms)
  ✓   9 [smoke] › e2e/smoke-search.spec.ts:97:3 › Search dialog › clicking backdrop closes the dialog (393ms)
  ✓  10 [smoke] › e2e/smoke-search.spec.ts:111:3 › Search dialog › nonsense query shows 'No results found.' (698ms)
  ✓  11 [smoke] › e2e/smoke-search.spec.ts:125:3 › Search dialog › matched keywords are highlighted with mark elements (767ms)
  ✓  12 [smoke] › e2e/smoke-search.spec.ts:185:3 › Search dialog › search index load failure shows persistent 'Search unavailable' without a refetch loop (1.1s)


  1) [smoke] › e2e/smoke-search-shortcut.spec.ts:23:3 › macOS shortcut badge survives clear, reopen, navigation, and reconnection (#4482) 

    Error: [2mexpect([22m[31mlocator[39m[2m).[22mtoHaveCount[2m([22m[32mexpected[39m[2m)[22m failed

    Locator:  locator('site-search').first().locator('[data-search-results]').locator('article a')
    Expected: [32m1[39m
    Received: [31m3[39m
    Timeout:  5000ms

    Call log:
    [2m  - Expect "toHaveCount" with timeout 5000ms[22m
    [2m  - waiting for locator('site-search').first().locator('[data-search-results]').locator('article a')[22m
    [2m    9 × locator resolved to 3 elements[22m
    [2m      - unexpected value "3"[22m


      100 |       document.body.append(element);
      101 |     });
    > 102 |     await expect(results.locator("article a")).toHaveCount(1);
          |                                                ^
      103 |     await page.keyboard.press(platform.openKey);
      104 |     await expect(dialog).toBeVisible();
      105 |     await expect(input).toHaveValue("Getting Started");
        at /workspace/zudo-doc/e2e/smoke-search-shortcut.spec.ts:102:48

    attachment #1: screenshot (image/png) ──────────────────────────────────────────────────────────
    ../../tmp/zudo4482-browser-results/smoke-search-shortcut-macO-4bc61-tion-and-reconnection-4482--smoke/test-failed-1.png
    ────────────────────────────────────────────────────────────────────────────────────────────────

    Error Context: ../../tmp/zudo4482-browser-results/smoke-search-shortcut-macO-4bc61-tion-and-reconnection-4482--smoke/error-context.md

  2) [smoke] › e2e/smoke-search-shortcut.spec.ts:23:3 › Windows shortcut badge survives clear, reopen, navigation, and reconnection (#4482) 

    Error: [2mexpect([22m[31mlocator[39m[2m).[22mtoHaveCount[2m([22m[32mexpected[39m[2m)[22m failed

    Locator:  locator('site-search').first().locator('[data-search-results]').locator('article a')
    Expected: [32m1[39m
    Received: [31m3[39m
    Timeout:  5000ms

    Call log:
    [2m  - Expect "toHaveCount" with timeout 5000ms[22m
    [2m  - waiting for locator('site-search').first().locator('[data-search-results]').locator('article a')[22m
    [2m    9 × locator resolved to 3 elements[22m
    [2m      - unexpected value "3"[22m


      100 |       document.body.append(element);
      101 |     });
    > 102 |     await expect(results.locator("article a")).toHaveCount(1);
          |                                                ^
      103 |     await page.keyboard.press(platform.openKey);
      104 |     await expect(dialog).toBeVisible();
      105 |     await expect(input).toHaveValue("Getting Started");
        at /workspace/zudo-doc/e2e/smoke-search-shortcut.spec.ts:102:48

    attachment #1: screenshot (image/png) ──────────────────────────────────────────────────────────
    ../../tmp/zudo4482-browser-results/smoke-search-shortcut-Wind-75af7-tion-and-reconnection-4482--smoke/test-failed-1.png
    ────────────────────────────────────────────────────────────────────────────────────────────────

    Error Context: ../../tmp/zudo4482-browser-results/smoke-search-shortcut-Wind-75af7-tion-and-reconnection-4482--smoke/error-context.md

  2 failed
    [smoke] › e2e/smoke-search-shortcut.spec.ts:23:3 › macOS shortcut badge survives clear, reopen, navigation, and reconnection (#4482) 
    [smoke] › e2e/smoke-search-shortcut.spec.ts:23:3 › Windows shortcut badge survives clear, reopen, navigation, and reconnection (#4482) 
  10 passed (28.9s)
heavy-guard: verdict=FAIL exit=1 secs=30 min_mem_mb=12327 reason=-
