{
  "created": "2026-10-09T09:11:42.242Z",
  "sourceHead": "244df66de42179608c57d841c974e0a52404f734",
  "engine": "4.2.1",
  "base": "/nested/docs/",
  "copyPublicWithBase": false,
  "method": "No-stub package-injected project; generated consumer stylesheet; native build/preview retained separately from faithful whole-dist base mount. No emitted file, CSS, DOM, network or asset-URL rewriting.",
  "emitted": {
    "htmlSHA256": "eb11cb77f0c5bbca43df61bdcd15952de497c9ac3e95639ca368cdbf11a46287",
    "urls": [
      "/nested/docs/assets/styles-1f2aba37.css",
      "/nested/docs/assets/islands-e7858371.js"
    ],
    "assetHashes": {
      "/nested/docs/assets/styles-1f2aba37.css": "1f2aba377b5e8c8ad0b37337dc03ddfacb193dbb7e9a0899f493e05f6ed6e39a",
      "/nested/docs/assets/islands-e7858371.js": "e7858371c04dff38135e4249a58d4f0f837167c1bd48ca6256ff4c317b946216"
    }
  },
  "nativePreview": {
    "requests": [
      {
        "path": "/docs/getting-started/",
        "status": 200,
        "contentType": "text/html; charset=utf-8"
      },
      {
        "path": "/nested/docs/docs/getting-started/",
        "status": 404,
        "contentType": "text/html; charset=utf-8"
      },
      {
        "path": "/nested/docs/assets/styles-1f2aba37.css",
        "status": 404,
        "contentType": "text/html; charset=utf-8"
      },
      {
        "path": "/nested/docs/assets/islands-e7858371.js",
        "status": 404,
        "contentType": "text/html; charset=utf-8"
      },
      {
        "path": "/nested/docs/favicon.svg",
        "status": 404,
        "contentType": "text/html; charset=utf-8"
      }
    ],
    "disposition": "Native preview does not simulate documented whole-dist deployment relocation; statuses retained as observation, not a browser hydration pass or an upstream defect."
  },
  "deployment": {
    "origin": "http://127.0.0.1:45791",
    "errors": [],
    "consoleErrors": [],
    "failedResponses": [],
    "failedRequests": [],
    "assetRequests": [
      "http://127.0.0.1:45791/nested/docs/assets/styles-1f2aba37.css",
      "http://127.0.0.1:45791/nested/docs/assets/islands-e7858371.js",
      "http://127.0.0.1:45791/nested/docs/assets/islands-chunk-PXNPBVNW.js"
    ],
    "documentRequests": [
      "http://127.0.0.1:45791/nested/docs/docs/getting-started/"
    ],
    "steps": [
      "desktop SidebarTree responds to real filter input",
      "desktop SPA route swap without Document request",
      "mobile SidebarToggle hydration and drawer SPA route swap"
    ],
    "islands": [
      {
        "name": "SidebarToggle",
        "mounted": true
      },
      {
        "name": "SidebarTree",
        "mounted": true
      }
    ],
    "stylesheets": [
      "/nested/docs/assets/styles-1f2aba37.css"
    ],
    "negativeControls": [
      {
        "path": "/nested/docs/missing-basepath-control/",
        "status": 404
      },
      {
        "path": "/docs/getting-started/",
        "status": 404
      },
      {
        "path": "/assets/missing-basepath-control.css",
        "status": 404
      }
    ],
    "passed": true
  },
  "failures": [],
  "reusedExistingBuild": true,
  "browser": "151.0.7922.173"
}
heavy-guard: verdict=PASS exit=0 secs=3 min_mem_mb=13495 reason=-
