zudo-doc: packageOwnedRoutes is on but translations and/or colorSchemes were not passed to zudoDocPreset — package-owned routes (incl. /404) will render with fallback i18n/theme. Pass them to inherit host bindings.
info package route `/404` → pages/404.tsx
info package route `/robots.txt` → pages/robots.txt.tsx
info package route `/docs/[[...slug]]` → pages/docs/[[...slug]].tsx
zfb info: ZB010 plugin:search-index: Generated search index with 2 entries
✓ 4 pages built in 3.05s
{
  "created": "2026-10-09T09:09:40.269Z",
  "sourceHead": "244df66de42179608c57d841c974e0a52404f734",
  "engine": "4.2.1",
  "base": "/nested/docs/",
  "copyPublicWithBase": false,
  "method": "No-stub package-injected project; generated consumer stylesheet; native build/preview retained separately from faithful whole-dist base mount. No emitted file, CSS, DOM, network or asset-URL rewriting.",
  "emitted": {
    "htmlSHA256": "eb11cb77f0c5bbca43df61bdcd15952de497c9ac3e95639ca368cdbf11a46287",
    "urls": [
      "/nested/docs/assets/styles-1f2aba37.css",
      "/nested/docs/assets/islands-e7858371.js"
    ],
    "assetHashes": {
      "/nested/docs/assets/styles-1f2aba37.css": "1f2aba377b5e8c8ad0b37337dc03ddfacb193dbb7e9a0899f493e05f6ed6e39a",
      "/nested/docs/assets/islands-e7858371.js": "e7858371c04dff38135e4249a58d4f0f837167c1bd48ca6256ff4c317b946216"
    }
  },
  "nativePreview": {
    "requests": []
  },
  "deployment": {},
  "failures": [
    "TypeError: response.status is not a function"
  ]
}
heavy-guard: verdict=FAIL exit=1 secs=4 min_mem_mb=13559 reason=-
