@takazudo/zfb=4.2.1
@takazudo/zfb-runtime=4.2.1
[2m[WebServer] [22m(node:405712) Warning: The 'NO_COLOR' env is ignored due to the 'FORCE_COLOR' env being set.
[2m[WebServer] [22m(Use `node --trace-warnings ...` to show where the warning was created)

Running 3 tests using 1 worker

(node:405773) Warning: The 'NO_COLOR' env is ignored due to the 'FORCE_COLOR' env being set.
(Use `node --trace-warnings ...` to show where the warning was created)
(node:405773) Warning: The 'NO_COLOR' env is ignored due to the 'FORCE_COLOR' env being set.
(Use `node --trace-warnings ...` to show where the warning was created)
  ✓  1 native-pending.spec.ts:24:1 › direct first-time visible island waits for explicit visibility (375ms)
  ✓  2 native-pending.spec.ts:37:3 › fresh changed-props navigation before activation keeps first mount deferred (446ms)
  ✘  3 native-pending.spec.ts:37:3 › pending changed-props navigation before activation keeps first mount deferred (425ms)


  1) native-pending.spec.ts:37:3 › pending changed-props navigation before activation keeps first mount deferred 

    Error: [2mexpect([22m[31mreceived[39m[2m).[22mtoEqual[2m([22m[32mexpected[39m[2m) // deep equality[22m

    [32m- Expected  - 1[39m
    [31m+ Received  + 1[39m

    [2m  Object {[22m
    [32m-   "activations": 0,[39m
    [31m+   "activations": 1,[39m
    [2m    "cleanups": 0,[22m
    [2m  }[22m

      65 |     expect(failedResponses).toEqual([]);
      66 |     // FAILS on published4.2.1 only for the persisted-ancestor case.
    > 67 |     expect(after.lifecycle).toEqual({ activations: 0, cleanups: 0 });
         |                             ^
      68 |     expect(after.reservationCount).toBe(1);
      69 |     expect(after.counterCount).toBe(0);
      70 |     await makeVisible(page);
        at /tmp/zudo421-pending-native/native-pending.spec.ts:67:29

    attachment #3: screenshot (image/png) ──────────────────────────────────────────────────────────
    test-results/native-pending-pending-cha-8c043--keeps-first-mount-deferred/test-failed-1.png
    ────────────────────────────────────────────────────────────────────────────────────────────────

    Error Context: test-results/native-pending-pending-cha-8c043--keeps-first-mount-deferred/error-context.md

  1 failed
    native-pending.spec.ts:37:3 › pending changed-props navigation before activation keeps first mount deferred 
  2 passed (3.5s)
heavy-guard: verdict=FAIL exit=1 secs=5 min_mem_mb=13084 reason=-
